[2026-08-25 18:08:23] Successfully imported /var/tmp/cleaned_files.B3Wl3N/file_0001_cleaned.json into PostgreSQL.
[2026-08-25 18:09:07] Successfully imported /var/tmp/cleaned_files.lakxae/file_0001_cleaned.json into PostgreSQL.
[2026-08-25 18:09:11] Successfully imported /var/tmp/cleaned_files.lakxae/file_0002_cleaned.json into PostgreSQL.
[2026-08-25 18:09:15] Successfully imported /var/tmp/cleaned_files.lakxae/file_0003_cleaned.json into PostgreSQL.
[2026-08-25 18:09:19] Successfully imported /var/tmp/cleaned_files.lakxae/file_0004_cleaned.json into PostgreSQL.
[2026-08-25 18:09:23] Successfully imported /var/tmp/cleaned_files.lakxae/file_0005_cleaned.json into PostgreSQL.
[2026-08-25 18:09:26] Successfully imported /var/tmp/cleaned_files.lakxae/file_0006_cleaned.json into PostgreSQL.
[2026-08-25 18:09:30] Successfully imported /var/tmp/cleaned_files.lakxae/file_0007_cleaned.json into PostgreSQL.
[2026-08-25 18:09:33] Successfully imported /var/tmp/cleaned_files.lakxae/file_0008_cleaned.json into PostgreSQL.
[2026-08-25 18:09:37] Successfully imported /var/tmp/cleaned_files.lakxae/file_0009_cleaned.json into PostgreSQL.
[2026-08-25 18:09:40] Successfully imported /var/tmp/cleaned_files.lakxae/file_0010_cleaned.json into PostgreSQL.
[2026-08-25 18:10:27] Successfully imported /var/tmp/cleaned_files.dDfQHG/file_0001_cleaned.json into PostgreSQL.
[2026-08-25 18:10:31] Successfully imported /var/tmp/cleaned_files.dDfQHG/file_0002_cleaned.json into PostgreSQL.
[2026-08-25 18:10:34] Successfully imported /var/tmp/cleaned_files.dDfQHG/file_0003_cleaned.json into PostgreSQL.
[2026-08-25 18:10:38] Successfully imported /var/tmp/cleaned_files.dDfQHG/file_0004_cleaned.json into PostgreSQL.
[2026-08-25 18:10:41] Successfully imported /var/tmp/cleaned_files.dDfQHG/file_0005_cleaned.json into PostgreSQL.
[2026-08-25 18:10:45] Successfully imported /var/tmp/cleaned_files.dDfQHG/file_0006_cleaned.json into PostgreSQL.
[2026-08-25 18:10:48] Successfully imported /var/tmp/cleaned_files.dDfQHG/file_0007_cleaned.json into PostgreSQL.
[2026-08-25 18:10:51] Successfully imported /var/tmp/cleaned_files.dDfQHG/file_0008_cleaned.json into PostgreSQL.
[2026-08-25 18:10:55] Successfully imported /var/tmp/cleaned_files.dDfQHG/file_0009_cleaned.json into PostgreSQL.
[2026-08-25 18:10:58] Successfully imported /var/tmp/cleaned_files.dDfQHG/file_0010_cleaned.json into PostgreSQL.
[2026-08-25 18:11:03] Successfully imported /var/tmp/cleaned_files.dDfQHG/file_0011_cleaned.json into PostgreSQL.
[2026-08-25 18:11:07] Successfully imported /var/tmp/cleaned_files.dDfQHG/file_0012_cleaned.json into PostgreSQL.
[2026-08-25 18:11:10] Successfully imported /var/tmp/cleaned_files.dDfQHG/file_0013_cleaned.json into PostgreSQL.
[2026-08-25 18:11:14] Successfully imported /var/tmp/cleaned_files.dDfQHG/file_0014_cleaned.json into PostgreSQL.
[2026-08-25 18:11:18] Successfully imported /var/tmp/cleaned_files.dDfQHG/file_0015_cleaned.json into PostgreSQL.
[2026-08-25 18:11:22] Successfully imported /var/tmp/cleaned_files.dDfQHG/file_0016_cleaned.json into PostgreSQL.
[2026-08-25 18:11:25] Successfully imported /var/tmp/cleaned_files.dDfQHG/file_0017_cleaned.json into PostgreSQL.
[2026-08-25 18:11:29] Successfully imported /var/tmp/cleaned_files.dDfQHG/file_0018_cleaned.json into PostgreSQL.
[2026-08-25 18:11:32] Successfully imported /var/tmp/cleaned_files.dDfQHG/file_0019_cleaned.json into PostgreSQL.
[2026-08-25 18:11:36] Successfully imported /var/tmp/cleaned_files.dDfQHG/file_0020_cleaned.json into PostgreSQL.
[2026-08-25 18:11:39] Successfully imported /var/tmp/cleaned_files.dDfQHG/file_0021_cleaned.json into PostgreSQL.
[2026-08-25 18:11:43] Successfully imported /var/tmp/cleaned_files.dDfQHG/file_0022_cleaned.json into PostgreSQL.
[2026-08-25 18:11:47] Successfully imported /var/tmp/cleaned_files.dDfQHG/file_0023_cleaned.json into PostgreSQL.
[2026-08-25 18:11:50] Successfully imported /var/tmp/cleaned_files.dDfQHG/file_0024_cleaned.json into PostgreSQL.
[2026-08-25 18:11:54] Successfully imported /var/tmp/cleaned_files.dDfQHG/file_0025_cleaned.json into PostgreSQL.
[2026-08-25 18:11:57] Successfully imported /var/tmp/cleaned_files.dDfQHG/file_0026_cleaned.json into PostgreSQL.
[2026-08-25 18:12:01] Successfully imported /var/tmp/cleaned_files.dDfQHG/file_0027_cleaned.json into PostgreSQL.
[2026-08-25 18:12:04] Successfully imported /var/tmp/cleaned_files.dDfQHG/file_0028_cleaned.json into PostgreSQL.
[2026-08-25 18:12:08] Successfully imported /var/tmp/cleaned_files.dDfQHG/file_0029_cleaned.json into PostgreSQL.
[2026-08-25 18:12:12] Successfully imported /var/tmp/cleaned_files.dDfQHG/file_0030_cleaned.json into PostgreSQL.
[2026-08-25 18:12:15] Successfully imported /var/tmp/cleaned_files.dDfQHG/file_0031_cleaned.json into PostgreSQL.
[2026-08-25 18:12:18] Successfully imported /var/tmp/cleaned_files.dDfQHG/file_0032_cleaned.json into PostgreSQL.
[2026-08-25 18:12:22] Successfully imported /var/tmp/cleaned_files.dDfQHG/file_0033_cleaned.json into PostgreSQL.
[2026-08-25 18:12:25] Successfully imported /var/tmp/cleaned_files.dDfQHG/file_0034_cleaned.json into PostgreSQL.
[2026-08-25 18:12:28] Successfully imported /var/tmp/cleaned_files.dDfQHG/file_0035_cleaned.json into PostgreSQL.
[2026-08-25 18:12:32] Successfully imported /var/tmp/cleaned_files.dDfQHG/file_0036_cleaned.json into PostgreSQL.
[2026-08-25 18:12:35] Successfully imported /var/tmp/cleaned_files.dDfQHG/file_0037_cleaned.json into PostgreSQL.
[2026-08-25 18:12:39] Successfully imported /var/tmp/cleaned_files.dDfQHG/file_0038_cleaned.json into PostgreSQL.
[2026-08-25 18:12:42] Successfully imported /var/tmp/cleaned_files.dDfQHG/file_0039_cleaned.json into PostgreSQL.
[2026-08-25 18:12:46] Successfully imported /var/tmp/cleaned_files.dDfQHG/file_0040_cleaned.json into PostgreSQL.
[2026-08-25 18:12:49] Successfully imported /var/tmp/cleaned_files.dDfQHG/file_0041_cleaned.json into PostgreSQL.
[2026-08-25 18:12:53] Successfully imported /var/tmp/cleaned_files.dDfQHG/file_0042_cleaned.json into PostgreSQL.
[2026-08-25 18:12:56] Successfully imported /var/tmp/cleaned_files.dDfQHG/file_0043_cleaned.json into PostgreSQL.
[2026-08-25 18:13:00] Successfully imported /var/tmp/cleaned_files.dDfQHG/file_0044_cleaned.json into PostgreSQL.
[2026-08-25 18:13:03] Successfully imported /var/tmp/cleaned_files.dDfQHG/file_0045_cleaned.json into PostgreSQL.
[2026-08-25 18:13:07] Successfully imported /var/tmp/cleaned_files.dDfQHG/file_0046_cleaned.json into PostgreSQL.
[2026-08-25 18:13:10] Successfully imported /var/tmp/cleaned_files.dDfQHG/file_0047_cleaned.json into PostgreSQL.
[2026-08-25 18:13:14] Successfully imported /var/tmp/cleaned_files.dDfQHG/file_0048_cleaned.json into PostgreSQL.
[2026-08-25 18:13:18] Successfully imported /var/tmp/cleaned_files.dDfQHG/file_0049_cleaned.json into PostgreSQL.
[2026-08-25 18:13:21] Successfully imported /var/tmp/cleaned_files.dDfQHG/file_0050_cleaned.json into PostgreSQL.
[2026-08-25 18:13:24] Successfully imported /var/tmp/cleaned_files.dDfQHG/file_0051_cleaned.json into PostgreSQL.
[2026-08-25 18:13:28] Successfully imported /var/tmp/cleaned_files.dDfQHG/file_0052_cleaned.json into PostgreSQL.
[2026-08-25 18:13:31] Successfully imported /var/tmp/cleaned_files.dDfQHG/file_0053_cleaned.json into PostgreSQL.
[2026-08-25 18:13:35] Successfully imported /var/tmp/cleaned_files.dDfQHG/file_0054_cleaned.json into PostgreSQL.
[2026-08-25 18:13:38] Successfully imported /var/tmp/cleaned_files.dDfQHG/file_0055_cleaned.json into PostgreSQL.
[2026-08-25 18:13:42] Successfully imported /var/tmp/cleaned_files.dDfQHG/file_0056_cleaned.json into PostgreSQL.
[2026-08-25 18:13:45] Successfully imported /var/tmp/cleaned_files.dDfQHG/file_0057_cleaned.json into PostgreSQL.
[2026-08-25 18:13:49] Successfully imported /var/tmp/cleaned_files.dDfQHG/file_0058_cleaned.json into PostgreSQL.
[2026-08-25 18:13:52] Successfully imported /var/tmp/cleaned_files.dDfQHG/file_0059_cleaned.json into PostgreSQL.
[2026-08-25 18:13:55] Successfully imported /var/tmp/cleaned_files.dDfQHG/file_0060_cleaned.json into PostgreSQL.
[2026-08-25 18:13:59] Successfully imported /var/tmp/cleaned_files.dDfQHG/file_0061_cleaned.json into PostgreSQL.
[2026-08-25 18:14:02] Successfully imported /var/tmp/cleaned_files.dDfQHG/file_0062_cleaned.json into PostgreSQL.
[2026-08-25 18:14:06] Successfully imported /var/tmp/cleaned_files.dDfQHG/file_0063_cleaned.json into PostgreSQL.
[2026-08-25 18:14:10] Successfully imported /var/tmp/cleaned_files.dDfQHG/file_0064_cleaned.json into PostgreSQL.
[2026-08-25 18:14:13] Successfully imported /var/tmp/cleaned_files.dDfQHG/file_0065_cleaned.json into PostgreSQL.
[2026-08-25 18:14:16] Successfully imported /var/tmp/cleaned_files.dDfQHG/file_0066_cleaned.json into PostgreSQL.
[2026-08-25 18:14:20] Successfully imported /var/tmp/cleaned_files.dDfQHG/file_0067_cleaned.json into PostgreSQL.
[2026-08-25 18:14:23] Successfully imported /var/tmp/cleaned_files.dDfQHG/file_0068_cleaned.json into PostgreSQL.
[2026-08-25 18:14:27] Successfully imported /var/tmp/cleaned_files.dDfQHG/file_0069_cleaned.json into PostgreSQL.
[2026-08-25 18:14:31] Successfully imported /var/tmp/cleaned_files.dDfQHG/file_0070_cleaned.json into PostgreSQL.
[2026-08-25 18:14:34] Successfully imported /var/tmp/cleaned_files.dDfQHG/file_0071_cleaned.json into PostgreSQL.
[2026-08-25 18:14:38] Successfully imported /var/tmp/cleaned_files.dDfQHG/file_0072_cleaned.json into PostgreSQL.
[2026-08-25 18:14:41] Successfully imported /var/tmp/cleaned_files.dDfQHG/file_0073_cleaned.json into PostgreSQL.
[2026-08-25 18:14:44] Successfully imported /var/tmp/cleaned_files.dDfQHG/file_0074_cleaned.json into PostgreSQL.
[2026-08-25 18:14:48] Successfully imported /var/tmp/cleaned_files.dDfQHG/file_0075_cleaned.json into PostgreSQL.
[2026-08-25 18:14:51] Successfully imported /var/tmp/cleaned_files.dDfQHG/file_0076_cleaned.json into PostgreSQL.
[2026-08-25 18:14:55] Successfully imported /var/tmp/cleaned_files.dDfQHG/file_0077_cleaned.json into PostgreSQL.
[2026-08-25 18:14:58] Successfully imported /var/tmp/cleaned_files.dDfQHG/file_0078_cleaned.json into PostgreSQL.
[2026-08-25 18:15:02] Successfully imported /var/tmp/cleaned_files.dDfQHG/file_0079_cleaned.json into PostgreSQL.
[2026-08-25 18:15:05] Successfully imported /var/tmp/cleaned_files.dDfQHG/file_0080_cleaned.json into PostgreSQL.
[2026-08-25 18:15:09] Successfully imported /var/tmp/cleaned_files.dDfQHG/file_0081_cleaned.json into PostgreSQL.
[2026-08-25 18:15:12] Successfully imported /var/tmp/cleaned_files.dDfQHG/file_0082_cleaned.json into PostgreSQL.
[2026-08-25 18:15:15] Successfully imported /var/tmp/cleaned_files.dDfQHG/file_0083_cleaned.json into PostgreSQL.
[2026-08-25 18:15:19] Successfully imported /var/tmp/cleaned_files.dDfQHG/file_0084_cleaned.json into PostgreSQL.
[2026-08-25 18:15:23] Successfully imported /var/tmp/cleaned_files.dDfQHG/file_0085_cleaned.json into PostgreSQL.
[2026-08-25 18:15:27] Successfully imported /var/tmp/cleaned_files.dDfQHG/file_0086_cleaned.json into PostgreSQL.
[2026-08-25 18:15:30] Successfully imported /var/tmp/cleaned_files.dDfQHG/file_0087_cleaned.json into PostgreSQL.
[2026-08-25 18:15:33] Successfully imported /var/tmp/cleaned_files.dDfQHG/file_0088_cleaned.json into PostgreSQL.
[2026-08-25 18:15:37] Successfully imported /var/tmp/cleaned_files.dDfQHG/file_0089_cleaned.json into PostgreSQL.
[2026-08-25 18:15:40] Successfully imported /var/tmp/cleaned_files.dDfQHG/file_0090_cleaned.json into PostgreSQL.
[2026-08-25 18:15:44] Successfully imported /var/tmp/cleaned_files.dDfQHG/file_0091_cleaned.json into PostgreSQL.
[2026-08-25 18:15:48] Successfully imported /var/tmp/cleaned_files.dDfQHG/file_0092_cleaned.json into PostgreSQL.
[2026-08-25 18:15:51] Successfully imported /var/tmp/cleaned_files.dDfQHG/file_0093_cleaned.json into PostgreSQL.
[2026-08-25 18:15:54] Successfully imported /var/tmp/cleaned_files.dDfQHG/file_0094_cleaned.json into PostgreSQL.
[2026-08-25 18:15:58] Successfully imported /var/tmp/cleaned_files.dDfQHG/file_0095_cleaned.json into PostgreSQL.
[2026-08-25 18:16:02] Successfully imported /var/tmp/cleaned_files.dDfQHG/file_0096_cleaned.json into PostgreSQL.
[2026-08-25 18:16:05] Successfully imported /var/tmp/cleaned_files.dDfQHG/file_0097_cleaned.json into PostgreSQL.
[2026-08-25 18:16:09] Successfully imported /var/tmp/cleaned_files.dDfQHG/file_0098_cleaned.json into PostgreSQL.
[2026-08-25 18:16:12] Successfully imported /var/tmp/cleaned_files.dDfQHG/file_0099_cleaned.json into PostgreSQL.
[2026-08-25 18:16:16] Successfully imported /var/tmp/cleaned_files.dDfQHG/file_0100_cleaned.json into PostgreSQL.
[2026-08-25 21:43:54] Successfully imported /var/tmp/cleaned_files.HHQCQN/file_0001_cleaned.json into PostgreSQL (rows=1000000).
[2026-08-25 21:46:05] Successfully imported /var/tmp/cleaned_files.YCqSsL/file_0001_cleaned.json into PostgreSQL (rows=1000000).
[2026-08-25 21:46:28] Successfully imported /var/tmp/cleaned_files.YCqSsL/file_0002_cleaned.json into PostgreSQL (rows=1000000).
[2026-08-25 21:46:50] Successfully imported /var/tmp/cleaned_files.YCqSsL/file_0003_cleaned.json into PostgreSQL (rows=1000000).
[2026-08-25 21:47:13] Successfully imported /var/tmp/cleaned_files.YCqSsL/file_0004_cleaned.json into PostgreSQL (rows=1000000).
[2026-08-25 21:47:36] Successfully imported /var/tmp/cleaned_files.YCqSsL/file_0005_cleaned.json into PostgreSQL (rows=999999).
[2026-08-25 21:48:00] Successfully imported /var/tmp/cleaned_files.YCqSsL/file_0006_cleaned.json into PostgreSQL (rows=999999).
[2026-08-25 21:48:24] Successfully imported /var/tmp/cleaned_files.YCqSsL/file_0007_cleaned.json into PostgreSQL (rows=999999).
[2026-08-25 21:48:49] Successfully imported /var/tmp/cleaned_files.YCqSsL/file_0008_cleaned.json into PostgreSQL (rows=1000000).
[2026-08-25 21:49:14] Successfully imported /var/tmp/cleaned_files.YCqSsL/file_0009_cleaned.json into PostgreSQL (rows=1000000).
[2026-08-25 21:49:40] Successfully imported /var/tmp/cleaned_files.YCqSsL/file_0010_cleaned.json into PostgreSQL (rows=1000000).
[2026-08-25 21:53:47] Successfully imported /var/tmp/cleaned_files.XpEJ1M/file_0001_cleaned.json into PostgreSQL (rows=1000000).
[2026-08-25 21:54:09] Successfully imported /var/tmp/cleaned_files.XpEJ1M/file_0002_cleaned.json into PostgreSQL (rows=1000000).
[2026-08-25 21:54:31] Successfully imported /var/tmp/cleaned_files.XpEJ1M/file_0003_cleaned.json into PostgreSQL (rows=1000000).
[2026-08-25 21:54:53] Successfully imported /var/tmp/cleaned_files.XpEJ1M/file_0004_cleaned.json into PostgreSQL (rows=1000000).
[2026-08-25 21:55:17] Successfully imported /var/tmp/cleaned_files.XpEJ1M/file_0005_cleaned.json into PostgreSQL (rows=999999).
[2026-08-25 21:55:43] Successfully imported /var/tmp/cleaned_files.XpEJ1M/file_0006_cleaned.json into PostgreSQL (rows=999999).
[2026-08-25 21:56:10] Successfully imported /var/tmp/cleaned_files.XpEJ1M/file_0007_cleaned.json into PostgreSQL (rows=999999).
[2026-08-25 21:56:36] Successfully imported /var/tmp/cleaned_files.XpEJ1M/file_0008_cleaned.json into PostgreSQL (rows=1000000).
[2026-08-25 21:57:05] Successfully imported /var/tmp/cleaned_files.XpEJ1M/file_0009_cleaned.json into PostgreSQL (rows=1000000).
[2026-08-25 21:57:33] Successfully imported /var/tmp/cleaned_files.XpEJ1M/file_0010_cleaned.json into PostgreSQL (rows=1000000).
[2026-08-25 21:58:02] Successfully imported /var/tmp/cleaned_files.XpEJ1M/file_0011_cleaned.json into PostgreSQL (rows=1000000).
[2026-08-25 21:58:29] Successfully imported /var/tmp/cleaned_files.XpEJ1M/file_0012_cleaned.json into PostgreSQL (rows=1000000).
[2026-08-25 21:58:56] Successfully imported /var/tmp/cleaned_files.XpEJ1M/file_0013_cleaned.json into PostgreSQL (rows=1000000).
[2026-08-25 21:59:23] Successfully imported /var/tmp/cleaned_files.XpEJ1M/file_0014_cleaned.json into PostgreSQL (rows=1000000).
[2026-08-25 21:59:50] Successfully imported /var/tmp/cleaned_files.XpEJ1M/file_0015_cleaned.json into PostgreSQL (rows=1000000).
[2026-08-25 22:00:18] Successfully imported /var/tmp/cleaned_files.XpEJ1M/file_0016_cleaned.json into PostgreSQL (rows=1000000).
[2026-08-25 22:00:48] Successfully imported /var/tmp/cleaned_files.XpEJ1M/file_0017_cleaned.json into PostgreSQL (rows=1000000).
[2026-08-25 22:01:18] Successfully imported /var/tmp/cleaned_files.XpEJ1M/file_0018_cleaned.json into PostgreSQL (rows=1000000).
[2026-08-25 22:01:49] Successfully imported /var/tmp/cleaned_files.XpEJ1M/file_0019_cleaned.json into PostgreSQL (rows=1000000).
[2026-08-25 22:02:18] Successfully imported /var/tmp/cleaned_files.XpEJ1M/file_0020_cleaned.json into PostgreSQL (rows=1000000).
[2026-08-25 22:02:47] Successfully imported /var/tmp/cleaned_files.XpEJ1M/file_0021_cleaned.json into PostgreSQL (rows=1000000).
[2026-08-25 22:03:15] Successfully imported /var/tmp/cleaned_files.XpEJ1M/file_0022_cleaned.json into PostgreSQL (rows=1000000).
[2026-08-25 22:03:45] Successfully imported /var/tmp/cleaned_files.XpEJ1M/file_0023_cleaned.json into PostgreSQL (rows=1000000).
[2026-08-25 22:04:13] Successfully imported /var/tmp/cleaned_files.XpEJ1M/file_0024_cleaned.json into PostgreSQL (rows=1000000).
[2026-08-25 22:04:40] Successfully imported /var/tmp/cleaned_files.XpEJ1M/file_0025_cleaned.json into PostgreSQL (rows=1000000).
[2026-08-25 22:05:09] Successfully imported /var/tmp/cleaned_files.XpEJ1M/file_0026_cleaned.json into PostgreSQL (rows=1000000).
[2026-08-25 22:05:36] Successfully imported /var/tmp/cleaned_files.XpEJ1M/file_0027_cleaned.json into PostgreSQL (rows=1000000).
[2026-08-25 22:06:06] Successfully imported /var/tmp/cleaned_files.XpEJ1M/file_0028_cleaned.json into PostgreSQL (rows=1000000).
[2026-08-25 22:06:36] Successfully imported /var/tmp/cleaned_files.XpEJ1M/file_0029_cleaned.json into PostgreSQL (rows=1000000).
[2026-08-25 22:07:06] Successfully imported /var/tmp/cleaned_files.XpEJ1M/file_0030_cleaned.json into PostgreSQL (rows=1000000).
[2026-08-25 22:07:37] Successfully imported /var/tmp/cleaned_files.XpEJ1M/file_0031_cleaned.json into PostgreSQL (rows=1000000).
[2026-08-25 22:08:08] Successfully imported /var/tmp/cleaned_files.XpEJ1M/file_0032_cleaned.json into PostgreSQL (rows=1000000).
[2026-08-25 22:08:38] Successfully imported /var/tmp/cleaned_files.XpEJ1M/file_0033_cleaned.json into PostgreSQL (rows=1000000).
[2026-08-25 22:09:09] Successfully imported /var/tmp/cleaned_files.XpEJ1M/file_0034_cleaned.json into PostgreSQL (rows=1000000).
[2026-08-25 22:09:38] Successfully imported /var/tmp/cleaned_files.XpEJ1M/file_0035_cleaned.json into PostgreSQL (rows=1000000).
[2026-08-25 22:10:09] Successfully imported /var/tmp/cleaned_files.XpEJ1M/file_0036_cleaned.json into PostgreSQL (rows=1000000).
[2026-08-25 22:10:39] Successfully imported /var/tmp/cleaned_files.XpEJ1M/file_0037_cleaned.json into PostgreSQL (rows=1000000).
[2026-08-25 22:11:09] Successfully imported /var/tmp/cleaned_files.XpEJ1M/file_0038_cleaned.json into PostgreSQL (rows=1000000).
[2026-08-25 22:11:38] Successfully imported /var/tmp/cleaned_files.XpEJ1M/file_0039_cleaned.json into PostgreSQL (rows=1000000).
[2026-08-25 22:12:10] Successfully imported /var/tmp/cleaned_files.XpEJ1M/file_0040_cleaned.json into PostgreSQL (rows=1000000).
[2026-08-25 22:12:43] Successfully imported /var/tmp/cleaned_files.XpEJ1M/file_0041_cleaned.json into PostgreSQL (rows=1000000).
[2026-08-25 22:13:15] Successfully imported /var/tmp/cleaned_files.XpEJ1M/file_0042_cleaned.json into PostgreSQL (rows=1000000).
[2026-08-25 22:13:43] Successfully imported /var/tmp/cleaned_files.XpEJ1M/file_0043_cleaned.json into PostgreSQL (rows=1000000).
[2026-08-25 22:14:13] Successfully imported /var/tmp/cleaned_files.XpEJ1M/file_0044_cleaned.json into PostgreSQL (rows=1000000).
[2026-08-25 22:14:44] Successfully imported /var/tmp/cleaned_files.XpEJ1M/file_0045_cleaned.json into PostgreSQL (rows=1000000).
[2026-08-25 22:15:14] Successfully imported /var/tmp/cleaned_files.XpEJ1M/file_0046_cleaned.json into PostgreSQL (rows=1000000).
[2026-08-25 22:15:47] Successfully imported /var/tmp/cleaned_files.XpEJ1M/file_0047_cleaned.json into PostgreSQL (rows=1000000).
[2026-08-25 22:16:19] Successfully imported /var/tmp/cleaned_files.XpEJ1M/file_0048_cleaned.json into PostgreSQL (rows=1000000).
[2026-08-25 22:16:51] Successfully imported /var/tmp/cleaned_files.XpEJ1M/file_0049_cleaned.json into PostgreSQL (rows=1000000).
[2026-08-25 22:17:21] Successfully imported /var/tmp/cleaned_files.XpEJ1M/file_0050_cleaned.json into PostgreSQL (rows=1000000).
[2026-08-25 22:17:52] Successfully imported /var/tmp/cleaned_files.XpEJ1M/file_0051_cleaned.json into PostgreSQL (rows=1000000).
[2026-08-25 22:18:22] Successfully imported /var/tmp/cleaned_files.XpEJ1M/file_0052_cleaned.json into PostgreSQL (rows=1000000).
[2026-08-25 22:18:51] Successfully imported /var/tmp/cleaned_files.XpEJ1M/file_0053_cleaned.json into PostgreSQL (rows=1000000).
[2026-08-25 22:19:20] Successfully imported /var/tmp/cleaned_files.XpEJ1M/file_0054_cleaned.json into PostgreSQL (rows=1000000).
[2026-08-25 22:19:49] Successfully imported /var/tmp/cleaned_files.XpEJ1M/file_0055_cleaned.json into PostgreSQL (rows=1000000).
[2026-08-25 22:20:20] Successfully imported /var/tmp/cleaned_files.XpEJ1M/file_0056_cleaned.json into PostgreSQL (rows=1000000).
[2026-08-25 22:20:50] Successfully imported /var/tmp/cleaned_files.XpEJ1M/file_0057_cleaned.json into PostgreSQL (rows=1000000).
[2026-08-25 22:21:19] Successfully imported /var/tmp/cleaned_files.XpEJ1M/file_0058_cleaned.json into PostgreSQL (rows=1000000).
[2026-08-25 22:21:49] Successfully imported /var/tmp/cleaned_files.XpEJ1M/file_0059_cleaned.json into PostgreSQL (rows=1000000).
[2026-08-25 22:22:17] Successfully imported /var/tmp/cleaned_files.XpEJ1M/file_0060_cleaned.json into PostgreSQL (rows=1000000).
[2026-08-25 22:22:52] Successfully imported /var/tmp/cleaned_files.XpEJ1M/file_0061_cleaned.json into PostgreSQL (rows=1000000).
[2026-08-25 22:23:24] Successfully imported /var/tmp/cleaned_files.XpEJ1M/file_0062_cleaned.json into PostgreSQL (rows=1000000).
[2026-08-25 22:23:56] Successfully imported /var/tmp/cleaned_files.XpEJ1M/file_0063_cleaned.json into PostgreSQL (rows=1000000).
[2026-08-25 22:24:25] Successfully imported /var/tmp/cleaned_files.XpEJ1M/file_0064_cleaned.json into PostgreSQL (rows=1000000).
[2026-08-25 22:24:57] Successfully imported /var/tmp/cleaned_files.XpEJ1M/file_0065_cleaned.json into PostgreSQL (rows=1000000).
[2026-08-25 22:25:27] Successfully imported /var/tmp/cleaned_files.XpEJ1M/file_0066_cleaned.json into PostgreSQL (rows=1000000).
[2026-08-25 22:25:59] Successfully imported /var/tmp/cleaned_files.XpEJ1M/file_0067_cleaned.json into PostgreSQL (rows=1000000).
[2026-08-25 22:26:31] Successfully imported /var/tmp/cleaned_files.XpEJ1M/file_0068_cleaned.json into PostgreSQL (rows=999996).
[2026-08-25 22:27:03] Successfully imported /var/tmp/cleaned_files.XpEJ1M/file_0069_cleaned.json into PostgreSQL (rows=1000000).
[2026-08-25 22:27:33] Successfully imported /var/tmp/cleaned_files.XpEJ1M/file_0070_cleaned.json into PostgreSQL (rows=1000000).
[2026-08-25 22:28:06] Successfully imported /var/tmp/cleaned_files.XpEJ1M/file_0071_cleaned.json into PostgreSQL (rows=1000000).
[2026-08-25 22:28:38] Successfully imported /var/tmp/cleaned_files.XpEJ1M/file_0072_cleaned.json into PostgreSQL (rows=1000000).
[2026-08-25 22:29:11] Successfully imported /var/tmp/cleaned_files.XpEJ1M/file_0073_cleaned.json into PostgreSQL (rows=1000000).
[2026-08-25 22:29:44] Successfully imported /var/tmp/cleaned_files.XpEJ1M/file_0074_cleaned.json into PostgreSQL (rows=1000000).
[2026-08-25 22:30:17] Successfully imported /var/tmp/cleaned_files.XpEJ1M/file_0075_cleaned.json into PostgreSQL (rows=1000000).
[2026-08-25 22:30:49] Successfully imported /var/tmp/cleaned_files.XpEJ1M/file_0076_cleaned.json into PostgreSQL (rows=1000000).
[2026-08-25 22:31:20] Successfully imported /var/tmp/cleaned_files.XpEJ1M/file_0077_cleaned.json into PostgreSQL (rows=1000000).
[2026-08-25 22:31:53] Successfully imported /var/tmp/cleaned_files.XpEJ1M/file_0078_cleaned.json into PostgreSQL (rows=1000000).
[2026-08-25 22:32:23] Successfully imported /var/tmp/cleaned_files.XpEJ1M/file_0079_cleaned.json into PostgreSQL (rows=1000000).
[2026-08-25 22:32:55] Successfully imported /var/tmp/cleaned_files.XpEJ1M/file_0080_cleaned.json into PostgreSQL (rows=1000000).
[2026-08-25 22:33:25] Successfully imported /var/tmp/cleaned_files.XpEJ1M/file_0081_cleaned.json into PostgreSQL (rows=1000000).
[2026-08-25 22:33:56] Successfully imported /var/tmp/cleaned_files.XpEJ1M/file_0082_cleaned.json into PostgreSQL (rows=999999).
[2026-08-25 22:34:27] Successfully imported /var/tmp/cleaned_files.XpEJ1M/file_0083_cleaned.json into PostgreSQL (rows=1000000).
[2026-08-25 22:34:58] Successfully imported /var/tmp/cleaned_files.XpEJ1M/file_0084_cleaned.json into PostgreSQL (rows=1000000).
[2026-08-25 22:35:27] Successfully imported /var/tmp/cleaned_files.XpEJ1M/file_0085_cleaned.json into PostgreSQL (rows=1000000).
[2026-08-25 22:35:56] Successfully imported /var/tmp/cleaned_files.XpEJ1M/file_0086_cleaned.json into PostgreSQL (rows=1000000).
[2026-08-25 22:36:37] Successfully imported /var/tmp/cleaned_files.XpEJ1M/file_0087_cleaned.json into PostgreSQL (rows=1000000).
[2026-08-25 22:37:13] Successfully imported /var/tmp/cleaned_files.XpEJ1M/file_0088_cleaned.json into PostgreSQL (rows=999997).
[2026-08-25 22:37:48] Successfully imported /var/tmp/cleaned_files.XpEJ1M/file_0089_cleaned.json into PostgreSQL (rows=1000000).
[2026-08-25 22:38:18] Successfully imported /var/tmp/cleaned_files.XpEJ1M/file_0090_cleaned.json into PostgreSQL (rows=1000000).
[2026-08-25 22:38:47] Successfully imported /var/tmp/cleaned_files.XpEJ1M/file_0091_cleaned.json into PostgreSQL (rows=1000000).
[2026-08-25 22:39:15] Successfully imported /var/tmp/cleaned_files.XpEJ1M/file_0092_cleaned.json into PostgreSQL (rows=1000000).
[2026-08-25 22:39:46] Successfully imported /var/tmp/cleaned_files.XpEJ1M/file_0093_cleaned.json into PostgreSQL (rows=1000000).
[2026-08-25 22:40:17] Successfully imported /var/tmp/cleaned_files.XpEJ1M/file_0094_cleaned.json into PostgreSQL (rows=999998).
[2026-08-25 22:40:50] Successfully imported /var/tmp/cleaned_files.XpEJ1M/file_0095_cleaned.json into PostgreSQL (rows=1000000).
[2026-08-25 22:41:23] Successfully imported /var/tmp/cleaned_files.XpEJ1M/file_0096_cleaned.json into PostgreSQL (rows=999998).
[2026-08-25 22:41:55] Successfully imported /var/tmp/cleaned_files.XpEJ1M/file_0097_cleaned.json into PostgreSQL (rows=999999).
[2026-08-25 22:42:27] Successfully imported /var/tmp/cleaned_files.XpEJ1M/file_0098_cleaned.json into PostgreSQL (rows=1000000).
[2026-08-25 22:43:00] Successfully imported /var/tmp/cleaned_files.XpEJ1M/file_0099_cleaned.json into PostgreSQL (rows=1000000).
[2026-08-25 22:43:34] Successfully imported /var/tmp/cleaned_files.XpEJ1M/file_0100_cleaned.json into PostgreSQL (rows=1000000).
